
> client-main-typescript@0.1.0 dev
> next dev -p 8080

   ▲ Next.js 14.1.3
   - Local:        http://localhost:8080
   - Environments: .env
   - Experiments (use at your own risk):
     · largePageDataBytes

 ✓ Ready in 1738ms
 ○ Compiling /become-a-trainer ...
Watchpack Error (initial scan): Error: EINVAL: invalid argument, lstat 'C:\DumpStack.log.tmp'
Watchpack Error (initial scan): Error: EINVAL: invalid argument, lstat 'C:\hiberfil.sys'
Watchpack Error (initial scan): Error: EINVAL: invalid argument, lstat 'C:\pagefile.sys'
Watchpack Error (initial scan): Error: EINVAL: invalid argument, lstat 'C:\swapfile.sys'
 ✓ Compiled /become-a-trainer in 1161ms (1069 modules)
Watchpack Error (initial scan): Error: EINVAL: invalid argument, lstat 'C:\DumpStack.log.tmp'
Watchpack Error (initial scan): Error: EINVAL: invalid argument, lstat 'C:\swapfile.sys'
Watchpack Error (initial scan): Error: EINVAL: invalid argument, lstat 'C:\hiberfil.sys'
Watchpack Error (initial scan): Error: EINVAL: invalid argument, lstat 'C:\pagefile.sys'
 ○ Compiling / ...
 ✓ Compiled / in 559ms (1262 modules)
Since you haven't set a value for `useCdn`, we will deliver content using our global, edge-cached API-CDN. If you wish to have content delivered faster, set `useCdn: false` to use the Live API. Note: You may incur higher costs using the live API.
 ⨯ upstream image response failed for https://storage.googleapis.com/tatugacamp.com/logo%20/tatugacamp%20facebook.jpg 404
 ✓ Compiled /become-a-trainer in 167ms (1286 modules)
 ○ Compiling /sanity/[[...index]] ...
 ✓ Compiled /sanity/[[...index]] in 2.7s (2646 modules)
(node:10180) Warning: `--localstorage-file` was provided without a valid path
(Use `node --trace-warnings ...` to show where the warning was created)
Browserslist: caniuse-lite is outdated. Please run:
  npx update-browserslist-db@latest
  Why you should do it regularly: https://github.com/browserslist/update-db#readme
 ✓ Compiled in 898ms (2508 modules)
